
> agence-voglans@1.0.0 build
> astro build

[baseline-browser-mapping] The data in this module is over two months old.  To ensure accurate Baseline data, please update: `npm i baseline-browser-mapping@latest -D`
The @astrojs/netlify/functions import is deprecated and will be removed in a future release. Please use @astrojs/netlify instead.
12:04:40 [WARN] Unsupported file type /Users/zazouino/CascadeProjects/windsurf-project/voglansastro/src/pages/services.astro.bak found. Prefix filename with an underscore (`_`) to ignore.
12:04:41 [WARN] [config] The adapter @astrojs/netlify provides experimental support for "assets". You may experience issues or breaking changes until this feature is fully supported by the adapter.
12:04:41 [types] Generated 392ms
12:04:41 [build] output: "hybrid"
12:04:41 [build] directory: /Users/zazouino/CascadeProjects/windsurf-project/voglansastro/dist/
12:04:41 [build] adapter: @astrojs/netlify
12:04:41 [build] Collecting build info...
12:04:41 [build] ✓ Completed in 533ms.
12:04:41 [build] Building hybrid entrypoints...
Browserslist: browsers data (caniuse-lite) is 10 months old. Please run:
  npx update-browserslist-db@latest
  Why you should do it regularly: https://github.com/browserslist/update-db#readme
12:05:05 [WARN] [vite] warnings when minifying css:
▲ [WARNING] Unexpected "/" [css-syntax-error]

    <stdin>:1:731:
      1 │ ...:#94a3b8}.dark .border-primary\\/20{border-color:rgba(16,185,129...
        ╵                                    ^


12:05:05 [WARN] [vite] warnings when minifying css:
▲ [WARNING] Unexpected "/" [css-syntax-error]

    <stdin>:1:855:
      1 │ ...:#94a3b8}.dark .border-primary\\/20{border-color:rgba(16,185,129...
        ╵                                    ^


12:05:05 [WARN] [vite] warnings when minifying css:
▲ [WARNING] Unexpected "/" [css-syntax-error]

    <stdin>:1:731:
      1 │ ...:#94a3b8}.dark .border-primary\\/20{border-color:rgba(16,185,129...
        ╵                                    ^


12:05:05 [WARN] [vite] warnings when minifying css:
▲ [WARNING] Unexpected "/" [css-syntax-error]

    <stdin>:1:858:
      1 │ ...:#94a3b8}.dark .border-primary\\/20{border-color:rgba(16,185,129...
        ╵                                    ^


12:05:05 [WARN] [vite] warnings when minifying css:
▲ [WARNING] Unexpected "/" [css-syntax-error]

    <stdin>:1:731:
      1 │ ...:#94a3b8}.dark .border-primary\\/20{border-color:rgba(16,185,129...
        ╵                                    ^


12:05:06 [vite] ✓ built in 25.13s
12:05:06 [build] ✓ Completed in 25.18s.

 building client (vite) 
12:05:06 [vite] transforming...
12:05:11 [vite] ✓ 1681 modules transformed.
12:05:12 [vite] rendering chunks...
12:05:12 [vite] computing gzip size...
12:05:12 [vite] dist/_astro/hoisted.BkJuL9_E.js           0.28 kB │ gzip:  0.24 kB
12:05:12 [vite] dist/_astro/hoisted.1b-Qxsa6.js           0.53 kB │ gzip:  0.35 kB
12:05:12 [vite] dist/_astro/hoisted.DsWHqJ7z.js           0.67 kB │ gzip:  0.37 kB
12:05:12 [vite] dist/_astro/jsx-runtime.DresmuL2.js       0.92 kB │ gzip:  0.58 kB
12:05:12 [vite] dist/_astro/hoisted.0jMKVyWT.js           1.35 kB │ gzip:  0.59 kB
12:05:12 [vite] dist/_astro/hoisted.SleyBlVW.js           2.69 kB │ gzip:  1.02 kB
12:05:12 [vite] dist/_astro/hoisted.9jovxIJu.js           4.61 kB │ gzip:  1.99 kB
12:05:12 [vite] dist/_astro/hoisted.yH2uQ3pI.js           4.62 kB │ gzip:  1.98 kB
12:05:12 [vite] dist/_astro/hoisted.Bh_3ye7h.js           4.81 kB │ gzip:  2.08 kB
12:05:12 [vite] dist/_astro/hoisted.C9-zGPpM.js           6.76 kB │ gzip:  2.72 kB
12:05:12 [vite] dist/_astro/index.DAN0nmsk.js             7.41 kB │ gzip:  2.93 kB
12:05:12 [vite] dist/_astro/EstimationForm.Cx2WO6Pw.js   10.78 kB │ gzip:  3.09 kB
12:05:12 [vite] dist/_astro/client.SfpVcCQW.js          135.60 kB │ gzip: 43.79 kB
12:05:12 [vite] dist/_astro/AdminApp.DKs8TEng.js        230.66 kB │ gzip: 58.80 kB
12:05:12 [vite] ✓ built in 6.05s

 prerendering static routes 
12:05:13 ▶ src/pages/a-propos.astro
12:05:13   └─ /a-propos.html (+82ms)
12:05:13 ▶ src/pages/about.astro
12:05:13   └─ /about.html (+12ms)
12:05:13 ▶ src/pages/achat.astro
12:05:13   └─ /achat.html (+12ms)
12:05:13 ▶ src/pages/acheter.astro
12:05:13   └─ /acheter.html (+30ms)
12:05:13 λ src/pages/api/estimation.ts
12:05:13   └─ /api/estimationAPI appelée avec: { city: null, propertyType: null, surface: null }
 (+8ms)
Fichier estimation-requests.json créé
12:05:13 λ src/pages/api/estimation-requests.ts
12:05:13   └─ /api/estimation-requests (+3ms)
12:05:13 λ src/pages/api/guides/subscribe.ts
12:05:13   └─ /api/guides/subscribe12:05:13 [WARN] [router] No API Route handler exists for the method "GET" for the route "/api/guides/subscribe".
Found handlers: "POST"

 (+1ms)
12:05:13 ▶ src/pages/blog/acheter-lac-bourget-2025.astro
12:05:13   └─ /blog/acheter-lac-bourget-2025.html (+13ms)
12:05:13 ▶ src/pages/blog/installer-chambery-famille-ecoles-vie-locale-securite.astro
12:05:13   └─ /blog/installer-chambery-famille-ecoles-vie-locale-securite.html (+38ms)
12:05:13 ▶ src/pages/blog/investir-landiers-chambery.astro
12:05:13   └─ /blog/investir-landiers-chambery.html (+26ms)
12:05:13 ▶ src/pages/blog/investir-voglans-2025.astro
12:05:13   └─ /blog/investir-voglans-2025.html (+11ms)
12:05:13 ▶ src/pages/blog/investir-voglans-savoie.astro
12:05:13   └─ /blog/investir-voglans-savoie.html (+13ms)
12:05:13 ▶ src/pages/blog/mairie-aix-les-bains-guide-complet.astro
12:05:13   └─ /blog/mairie-aix-les-bains-guide-complet.html (+29ms)
12:05:13 ▶ src/pages/blog/mairie-chambery-guide-complet.astro
12:05:13   └─ /blog/mairie-chambery-guide-complet.html (+33ms)
12:05:13 ▶ src/pages/blog/mairie-cognin-guide-complet.astro
12:05:13   └─ /blog/mairie-cognin-guide-complet.html (+33ms)
12:05:13 ▶ src/pages/blog/mairie-la-motte-servolex-guide-complet.astro
12:05:13   └─ /blog/mairie-la-motte-servolex-guide-complet.html (+77ms)
12:05:13 ▶ src/pages/blog/mairie-montmelian-guide-complet.astro
12:05:13   └─ /blog/mairie-montmelian-guide-complet.html (+26ms)
12:05:13 ▶ src/pages/blog/marche-immobilier-voglans-2025.astro
12:05:13   └─ /blog/marche-immobilier-voglans-2025.html (+19ms)
12:05:13 ▶ src/pages/blog/quartiers-voglans-guide-complet.astro
12:05:13   └─ /blog/quartiers-voglans-guide-complet.html (+13ms)
12:05:13 ▶ src/pages/blog/vendre-maison-chambery-2025.astro
12:05:13   └─ /blog/vendre-maison-chambery-2025.html (+10ms)
12:05:13 ▶ src/pages/blog/zone-commerciale-landiers-chambery.astro
12:05:13   └─ /blog/zone-commerciale-landiers-chambery.html (+23ms)
12:05:13 ▶ src/pages/blog/[slug].astro
12:05:13   ├─ /blog/mairie-bassens-guide-complet.html (+17ms)
12:05:13   ├─ /blog/mairie-jacob-bellecombette-guide-complet.html (+11ms)
12:05:13   ├─ /blog/mairie-saint-alban-leysse-guide-complet.html (+10ms)
12:05:13   ├─ /blog/mairie-saint-baldoph-guide-complet.html (+11ms)
12:05:13   ├─ /blog/mairie-viviers-du-lac-guide-complet.html (+9ms)
12:05:13   ├─ /blog/mairie-bourget-du-lac-guide-complet.html (+11ms)
12:05:13   ├─ /blog/mairie-drumettaz-guide-complet.html (+10ms)
12:05:13   ├─ /blog/mairie-mery-guide-complet.html (+10ms)
12:05:13   ├─ /blog/mairie-sonnaz-guide-complet.html (+20ms)
12:05:13   ├─ /blog/mairie-aiguebelette-le-lac-guide-complet.html (+14ms)
12:05:13   ├─ /blog/mairie-albens-guide-complet.html (+12ms)
12:05:13   ├─ /blog/mairie-aillon-le-jeune-guide-complet.html (+11ms)
12:05:13   ├─ /blog/mairie-aillon-le-vieux-guide-complet.html (+12ms)
12:05:13   ├─ /blog/mairie-arith-guide-complet.html (+15ms)
12:05:14   ├─ /blog/mairie-attignat-oncin-guide-complet.html (+11ms)
12:05:14   ├─ /blog/mairie-avressieux-guide-complet.html (+10ms)
12:05:14   ├─ /blog/mairie-barraux-guide-complet.html (+10ms)
12:05:14   ├─ /blog/mairie-bellecombe-en-bauges-guide-complet.html (+11ms)
12:05:14   ├─ /blog/mairie-belmont-tramonet-guide-complet.html (+11ms)
12:05:14   ├─ /blog/mairie-la-bauche-guide-complet.html (+9ms)
12:05:14   ├─ /blog/mairie-chignin-guide-complet.html (+10ms)
12:05:14   ├─ /blog/mairie-corbel-guide-complet.html (+10ms)
12:05:14   ├─ /blog/mairie-cruet-guide-complet.html (+13ms)
12:05:14   ├─ /blog/mairie-curienne-guide-complet.html (+11ms)
12:05:14   ├─ /blog/mairie-saint-cassin-guide-complet.html (+23ms)
12:05:14   ├─ /blog/mairie-voglans-guide-complet.html (+11ms)
12:05:14   ├─ /blog/estimation-maison-voglans-2025.html (+10ms)
12:05:14   ├─ /blog/prix-immobilier-aix-les-bains-lac-bourget-2025.html (+10ms)
12:05:14   ├─ /blog/vendre-maison-mery-conseils-rapides.html (+10ms)
12:05:14   ├─ /blog/erreurs-vente-maison-chambery.html (+8ms)
12:05:14   ├─ /blog/estimation-immobiliere-la-motte-servolex-2025.html (+9ms)
12:05:14   ├─ /blog/agence-locale-vs-plateforme-en-ligne.html (+9ms)
12:05:14   ├─ /blog/immobilier-viviers-du-lac-tresserve-marche-lac.html (+10ms)
12:05:14   ├─ /blog/estimation-appartement-aix-les-bains-centre-marlioz.html (+9ms)
12:05:14   ├─ /blog/vendre-rapidement-drumettaz-pugny-chatenod.html (+10ms)
12:05:14   ├─ /blog/mandat-exclusif-immobilier-explique.html (+9ms)
12:05:14   ├─ /blog/immobilier-chignin-trevignin-saint-baldoph-communes-montantes.html (+10ms)
12:05:14   ├─ /blog/estimation-maison-sonnaz-2025-prix-reel.html (+11ms)
12:05:14   ├─ /blog/meilleur-moment-vendre-voglans-bourget-du-lac.html (+9ms)
12:05:14   ├─ /blog/immobilier-chambery-vendre-maintenant-ou-attendre-2026.html (+10ms)
12:05:14   ├─ /blog/home-staging-sublimer-maison-avant-vente-savoie.html (+10ms)
12:05:14   ├─ /blog/estimation-maison-trevignin-prix-evolution-2025.html (+9ms)
12:05:14   ├─ /blog/choisir-agence-immobiliere-aix-les-bains.html (+10ms)
12:05:14   ├─ /blog/marche-immobilier-chambery-ou-investir-vendre-2025.html (+10ms)
12:05:14   ├─ /blog/preparer-vente-maison-la-motte-servolex.html (+10ms)
12:05:14   ├─ /blog/diagnostics-immobiliers-2025-changements-vendeurs-savoie.html (+9ms)
12:05:14   ├─ /blog/estimation-maison-saint-baldoph-marche-dynamique-2025.html (+10ms)
12:05:14   ├─ /blog/mandat-exclusif-gagner-temps-argent.html (+10ms)
12:05:14   ├─ /blog/immobilier-viviers-du-lac-evolution-prix-3-ans.html (+9ms)
12:05:14   ├─ /blog/vendre-seul-avec-aide-agence-locale-voglans.html (+10ms)
12:05:14   ├─ /blog/vendre-sans-agence-aix-les-bains-bonne-ou-mauvaise-idee.html (+109ms)
12:05:14   ├─ /blog/eviter-sous-evaluer-bien-voglans-perdre-argent.html (+10ms)
12:05:14   ├─ /blog/mandat-exclusif-ou-simple-chambery-verite.html (+11ms)
12:05:14   ├─ /blog/temoignage-vente-rapide-viviers-du-lac-15-jours.html (+11ms)
12:05:14   ├─ /blog/maisons-vendent-vite-lac-bourget-comment-profiter.html (+10ms)
12:05:14   ├─ /blog/fixer-juste-prix-la-motte-servolex-sans-brader.html (+9ms)
12:05:14   ├─ /blog/estimation-en-ligne-vs-agence-locale-verite.html (+9ms)
12:05:14   ├─ /blog/7-etapes-vente-reussie-chambery-pros.html (+10ms)
12:05:14   ├─ /blog/vendeurs-regrettent-fixer-prix-eux-memes.html (+9ms)
12:05:14   ├─ /blog/impot-plus-value-vendre-malin-aix-les-bains-2025.html (+11ms)
12:05:14   ├─ /blog/vendre-printemps-voglans-moment-ideal-prix.html (+26ms)
12:05:14   ├─ /blog/agence-locale-vend-mieux-que-grande-franchise.html (+13ms)
12:05:14   ├─ /blog/maison-tresserve-vaut-plus-urgence-marche.html (+10ms)
12:05:14   ├─ /blog/immobilier-chambery-2025-vendeurs-reprennent-main.html (+9ms)
12:05:14   ├─ /blog/estimation-maison-sonnaz-la-motte-servolex.html (+8ms)
12:05:14   ├─ /blog/preparer-mise-en-vente-maison-viviers-du-lac.html (+8ms)
12:05:14   ├─ /blog/vendre-tresserve-marche-exclusif-lac-bourget.html (+8ms)
12:05:14   ├─ /blog/prix-m2-aix-les-bains-communes-voisines.html (+8ms)
12:05:14   ├─ /blog/estimation-maison-mery-criteres-acheteurs-2025.html (+9ms)
12:05:14   ├─ /blog/vendre-chambery-ou-drumettaz-biens-partent-vite.html (+8ms)
12:05:14   ├─ /blog/vendeurs-aix-les-bains-choisissent-agence-locale.html (+9ms)
12:05:14   ├─ /blog/erreurs-font-fuir-acheteurs-chambery.html (+9ms)
12:05:14   ├─ /blog/estimation-villa-vue-lac-bourget-du-lac.html (+60ms)
12:05:14   ├─ /blog/maison-trevignin-vendue-15-jours-cas-concret.html (+10ms)
12:05:14   ├─ /blog/taxe-fonciere-dpe-diagnostics-vendre-sans-stress-savoie.html (+9ms)
12:05:14   ├─ /blog/2025-annee-ideale-vendre-bassin-aixois.html (+10ms)
12:05:14   ├─ /blog/5-communes-chambery-maisons-vendent-plus-vite.html (+9ms)
12:05:14   ├─ /blog/biens-vendent-mieux-aix-les-bains-2025.html (+10ms)
12:05:14   ├─ /blog/deroulement-estimation-domicile-voglans.html (+10ms)
12:05:14   ├─ /blog/acheteurs-regardent-avant-visiter-maison.html (+10ms)
12:05:14   ├─ /blog/vendre-residence-secondaire-lac-bourget-acheteurs-lyon-geneve.html (+10ms)
12:05:14   ├─ /blog/valeur-appartement-vue-lac-aix-les-bains-2025.html (+9ms)
12:05:14   ├─ /blog/vendre-maison-caractere-chambery-valoriser-ancien.html (+10ms)
12:05:14   ├─ /blog/investisseurs-cherchent-biens-la-motte-servolex-drumettaz-2025.html (+9ms)
12:05:14   ├─ /blog/vendre-bien-herite-voglans-sans-blocage-familial.html (+10ms)
12:05:14   ├─ /blog/terrains-constructibles-chambery-prix-explosent-vendre-maintenant.html (+10ms)
12:05:14   ├─ /blog/vendre-logement-dpe-f-g-aix-les-bains-solutions-2026.html (+9ms)
12:05:14   ├─ /blog/vendre-maison-renover-tresserve-mery-sans-brader.html (+10ms)
12:05:14   ├─ /blog/studio-t2-t3-biens-demandes-chambery-centre.html (+9ms)
12:05:14   ├─ /blog/maisons-piscine-lac-bourget-vendent-20-pourcent-plus-cher.html (+10ms)
12:05:14   ├─ /blog/vendre-vite-maison-mitoyenne-la-motte-servolex.html (+10ms)
12:05:14   ├─ /blog/vendre-villa-prestige-tresserve-strategie-discretion.html (+9ms)
12:05:14   ├─ /blog/vendre-bien-atypique-savoie-grange-loft-commerce.html (+10ms)
12:05:14   ├─ /blog/estimation-immobiliere-voglans-73420-prix-conseils-vente.html (+9ms)
12:05:14   ├─ /blog/vendre-maison-la-motte-servolex-prix-m2-2025-astuces.html (+11ms)
12:05:14   ├─ /blog/estimation-maison-sonnaz-gratuite-marche-2025.html (+13ms)
12:05:15   ├─ /blog/estimation-maison-mery-marche-familial-demande.html (+9ms)
12:05:15   ├─ /blog/vendre-tresserve-marche-haut-gamme-lac-bourget.html (+11ms)
12:05:15   ├─ /blog/immobilier-viviers-du-lac-prix-m2-estimation-maison.html (+17ms)
12:05:15   ├─ /blog/prix-immobilier-bourget-du-lac-vendre-meilleur-moment.html (+12ms)
12:05:15   ├─ /blog/estimation-maison-drumettaz-clarafond-marche-essor.html (+9ms)
12:05:15   ├─ /blog/vendre-maison-pugny-chatenod-fixer-bon-prix.html (+9ms)
12:05:15   ├─ /blog/estimation-maison-trevignin-secteur-recherche-aix.html (+9ms)
12:05:15   ├─ /blog/immobilier-saint-baldoph-prix-grimpent-vendre.html (+9ms)
12:05:15   ├─ /blog/estimation-chignin-maisons-vignes-charme-savoyard.html (+8ms)
12:05:15   ├─ /blog/vendre-cognin-marche-immobilier-2025-guide.html (+9ms)
12:05:15   ├─ /blog/estimation-maison-jacob-bellecombette-marche-recherche.html (+8ms)
12:05:15   ├─ /blog/prix-m2-barberaz-conseils-vendre-maison.html (+10ms)
12:05:15   ├─ /blog/estimation-challes-les-eaux-prix-montent-2025.html (+9ms)
12:05:15   ├─ /blog/vendre-maison-saint-alban-leysse-guide-complet-2025.html (+9ms)
12:05:15   ├─ /blog/estimation-maison-les-deserts-marche-calme-porteur.html (+9ms)
12:05:15   ├─ /blog/vendre-chalet-revard-prix-marche-saison.html (+9ms)
12:05:15   ├─ /blog/estimation-montagnole-vendre-vite-secteur-prise.html (+9ms)
12:05:15   ├─ /blog/vendre-maison-brison-saint-innocent-marche-recherche-lac.html (+9ms)
12:05:15   ├─ /blog/estimation-immobiliere-mouxy-prix-montent-2025.html (+10ms)
12:05:15   ├─ /blog/immobilier-gresy-sur-aix-valeur-maison-2025.html (+9ms)
12:05:15   ├─ /blog/vendre-maison-alby-sur-cheran-entre-annecy-aix-dynamique.html (+9ms)
12:05:15   ├─ /blog/estimation-maison-saint-offenge-atouts-village-recherche.html (+9ms)
12:05:15   ├─ /blog/vendre-saint-jean-arvey-maisons-terrain-cote.html (+9ms)
12:05:15   ├─ /blog/estimation-immobiliere-lescheraines-marche-nature-lacs-montagnes.html (+9ms)
12:05:15   ├─ /blog/vendre-la-ravoire-proximite-immediate-chambery.html (+9ms)
12:05:15   ├─ /blog/immobilier-barby-valeur-bien-2025.html (+9ms)
12:05:15   ├─ /blog/vendre-maison-saint-cassin-marche-essor-10min-chambery.html (+9ms)
12:05:15   ├─ /blog/estimation-maison-saint-sulpice-campagne-prisee-lac-bourget.html (+9ms)
12:05:15   ├─ /blog/immobilier-les-echelles-vendre-rapidement-reconversion.html (+9ms)
12:05:15   ├─ /blog/vendre-saint-pierre-curtille-charme-lac-patrimoine.html (+10ms)
12:05:15   ├─ /blog/estimation-immobiliere-saint-ours-marche-hausse.html (+9ms)
12:05:15   ├─ /blog/vendre-hautecombe-cadre-exceptionnel-biens-rares.html (+9ms)
12:05:15   ├─ /blog/prix-immobilier-cusy-valeur-sure-aix-annecy.html (+9ms)
12:05:15   ├─ /blog/vendre-drumettaz-equilibre-campagne-ville.html (+12ms)
12:05:15   ├─ /blog/immobilier-albens-pole-attractif-chambery-annecy.html (+10ms)
12:05:15   ├─ /blog/estimation-maison-la-biolle-marche-actif-aix.html (+9ms)
12:05:15   ├─ /blog/vendre-bien-gresy-sur-isere-secteur-devenir-combe-savoie.html (+10ms)
12:05:15   ├─ /blog/7-signes-temps-vendre-maison.html (+9ms)
12:05:15   ├─ /blog/pourquoi-attendre-fait-perdre-argent-vente.html (+11ms)
12:05:15   ├─ /blog/vendeurs-attendu-6-mois-trop-retour-experience.html (+9ms)
12:05:15   ├─ /blog/vendre-apres-divorce-bons-choix-immobiliers.html (+13ms)
12:05:15   ├─ /blog/vendre-acheter-plus-grand-double-projet-chambery.html (+11ms)
12:05:15   ├─ /blog/vendre-5-10-pourcent-plus-cher-sans-travaux.html (+10ms)
12:05:15   ├─ /blog/petites-renovations-grimper-valeur-maison-savoie.html (+9ms)
12:05:15   ├─ /blog/savoir-si-maison-sous-evaluee.html (+9ms)
12:05:15   ├─ /blog/criteres-varient-prix-bien-aix-les-bains.html (+8ms)
12:05:15   ├─ /blog/bien-vendre-maison-louee-locataire.html (+9ms)
12:05:15   ├─ /blog/2025-annee-favorable-vendeurs-savoie.html (+8ms)
12:05:15   ├─ /blog/acheteurs-lyon-geneve-installent-lac-bourget.html (+9ms)
12:05:15   ├─ /blog/communes-maisons-vendent-plus-vite-chambery.html (+8ms)
12:05:15   ├─ /blog/profiter-demande-forte-maisons-jardin.html (+10ms)
12:05:15   ├─ /blog/boom-maisons-campagne-aix-les-bains.html (+8ms)
12:05:15   ├─ /blog/agence-locale-vs-site-mise-relation-regrets-vendeurs.html (+9ms)
12:05:15   ├─ /blog/agence-locale-difference-prix-vente.html (+9ms)
12:05:15   ├─ /blog/etapes-cles-vente-accompagnee-professionnel.html (+9ms)
12:05:15   ├─ /blog/choisir-bonne-agence-immobiliere-chambery.html (+9ms)
12:05:15   ├─ /blog/pourquoi-estimation-gratuite-suffit-pas-bien-vendre.html (+9ms)
12:05:15   ├─ /blog/deroulement-estimation-immobiliere-domicile.html (+10ms)
12:05:15   ├─ /blog/frais-prevoir-vendre-maison-reduire.html (+9ms)
12:05:15   ├─ /blog/documents-indispensables-avant-mise-vente.html (+9ms)
12:05:15   ├─ /blog/vendre-rapidement-grace-mandat-exclusif.html (+8ms)
12:05:15   ├─ /blog/10-conseils-equipe-vendre-vite-bien-savoie.html (+9ms)
12:05:15   ├─ /blog/vendre-appartement-deja-loue-chambery.html (+8ms)
12:05:15   ├─ /blog/vendre-maison-heritee-aix-les-bains-etapes-pieges.html (+9ms)
12:05:15   ├─ /blog/vendre-bien-renover-sans-sous-evaluer-viviers-du-lac.html (+9ms)
12:05:15   ├─ /blog/faut-il-vendre-residence-secondaire-bourget-du-lac-2025.html (+9ms)
12:05:15   ├─ /blog/vendre-villa-vue-lac-tresserve-valoriser-prestige.html (+13ms)
12:05:15   ├─ /blog/vendre-bien-atypique-grange-loft-ecole-savoie.html (+8ms)
12:05:15   ├─ /blog/vendre-logement-energivore-avant-2026-la-motte-servolex.html (+9ms)
12:05:15   ├─ /blog/vendre-maison-ancienne-chignin-saint-baldoph-valoriser-authenticite.html (+8ms)
12:05:15   ├─ /blog/vendre-terrain-batir-chambery-prix-demarches-2025.html (+9ms)
12:05:15   ├─ /blog/bien-vendre-maison-mitoyenne-la-motte-servolex.html (+9ms)
12:05:15   ├─ /blog/vendre-immeuble-rapport-chambery-marche-investisseurs.html (+9ms)
12:05:15   ├─ /blog/estimation-chalet-revard-marche-residences-altitude.html (+9ms)
12:05:15   ├─ /blog/maisons-piscine-bourget-du-lac-20-pourcent-plus-cher.html (+9ms)
12:05:15   ├─ /blog/vendre-bien-indivision-chambery-sans-blocage.html (+9ms)
12:05:15   ├─ /blog/vendre-bien-grand-terrain-eviter-decote-fonciere.html (+9ms)
12:05:15   ├─ /blog/vendre-studio-etudiant-chambery-forte-demande.html (+9ms)
12:05:15   ├─ /blog/vendre-bien-zone-inondable-viviers-du-lac.html (+9ms)
12:05:15   ├─ /blog/vendre-maison-isolee-cusy-les-deserts-points-cles.html (+14ms)
12:05:15   ├─ /blog/vendre-maison-sans-raccordement-tout-egout.html (+11ms)
12:05:15   ├─ /blog/vendre-viager-aix-les-bains-qui-comment-pourquoi.html (+9ms)
12:05:15   ├─ /blog/vendre-maison-eco-renovee-chambery-valeur-monte.html (+9ms)
12:05:15   ├─ /blog/vendre-bien-divisible-lotir-aix-les-bains.html (+8ms)
12:05:15   ├─ /blog/vendre-maison-servitude-passage-mode-emploi.html (+9ms)
12:05:15   ├─ /blog/vendre-ou-louer-maison-bord-lac-arbitrage.html (+8ms)
12:05:15   ├─ /blog/vendre-apres-separation-chambery-bons-reflexes.html (+9ms)
12:05:15   ├─ /blog/agence-specialiste-lac-bourget-villages-perches.html (+10ms)
12:05:15   ├─ /blog/agence-simplifie-ventes-familiales-successions-indivisions.html (+9ms)
12:05:15   ├─ /blog/vendre-bien-dpe-f-g-avant-interdictions-2026.html (+9ms)
12:05:15   ├─ /blog/pourquoi-genevois-installent-lac-bourget.html (+9ms)
12:05:15   ├─ /blog/acheter-chambery-2025-bon-plan-investisseurs-lyonnais.html (+12ms)
12:05:15   ├─ /blog/quitter-lyon-aix-les-bains-choix-vie-gagnant.html (+10ms)
12:05:15   ├─ /blog/travailler-distance-savoie-meilleurs-villages.html (+8ms)
12:05:15   ├─ /blog/7-lieux-plus-belle-vue-lac-bourget.html (+9ms)
12:05:15   ├─ /blog/acheter-aix-les-bains-2-fois-moins-cher-lyon-geneve.html (+10ms)
12:05:15   ├─ /blog/aix-les-bains-destination-preferee-jeunes-retraites-parisiens.html (+9ms)
12:05:15   ├─ /blog/acheter-residence-secondaire-lac-bourget-choix-strategique.html (+9ms)
12:05:15   ├─ /blog/aix-les-bains-secret-bien-garde-investisseurs-accessibilite.html (+9ms)
12:05:15   ├─ /blog/ou-investir-locatif-chambery-5-communes-favorites.html (+9ms)
12:05:15   ├─ /blog/rendement-locatif-aix-les-bains-la-motte-servolex.html (+9ms)
12:05:15   ├─ /blog/villas-vue-lac-chalets-exception-marche-haut-gamme-savoie.html (+9ms)
12:05:15   ├─ /blog/vivre-tresserve-brison-saint-innocent-perles-lac-bourget.html (+10ms)
12:05:15   ├─ /blog/parisiens-choisissent-savoie-reconnecter-nature.html (+9ms)
12:05:15   ├─ /blog/acheter-savoie-avantages-fiscaux-suisse-paris.html (+8ms)
12:05:15   ├─ /blog/5-maisons-ideales-teletravailler-lac-montagne.html (+8ms)
12:05:15   ├─ /blog/acheter-maison-ecologique-savoie-nouveau-luxe-vert.html (+8ms)
12:05:16   ├─ /blog/villages-plus-recherches-chambery-installer.html (+9ms)
12:05:16   ├─ /blog/aix-les-bains-vs-annecy-ou-investir-2025.html (+8ms)
12:05:16   ├─ /blog/10-maisons-reve-lac-bourget.html (+8ms)
12:05:16   ├─ /blog/acheter-maison-ancienne-renovee-savoie-charme-authenticite.html (+9ms)
12:05:16   ├─ /blog/investir-bien-saisonnier-lac-rentabilite-cadre.html (+10ms)
12:05:16   ├─ /blog/acheter-chalet-revard-trevignin-calme-nature-rentabilite.html (+8ms)
12:05:16   ├─ /blog/savoie-attire-investisseurs-metropolitains-tendances-2025.html (+9ms)
12:05:16   ├─ /blog/estimation-immobiliere-saint-jean-arvey-marche-nature.html (+8ms)
12:05:16   ├─ /blog/vendre-maison-les-deserts-charme-calme-chambery.html (+9ms)
12:05:16   ├─ /blog/prix-immobilier-thoiry-73230-marche-essor.html (+8ms)
12:05:16   ├─ /blog/estimation-la-chapelle-mont-chat-lac-montagne.html (+13ms)
12:05:16   ├─ /blog/vendre-maison-saint-cassin-valoriser-champetre.html (+13ms)
12:05:16   ├─ /blog/immobilier-montagnole-secteur-recherche-calme-vue.html (+11ms)
12:05:16   ├─ /blog/estimation-maison-verel-pragondran-nature-urbain.html (+9ms)
12:05:16   ├─ /blog/vendre-barby-marche-dynamique-portes-chambery.html (+8ms)
12:05:16   ├─ /blog/estimation-jacob-bellecombette-maisons-demandees-centre.html (+8ms)
12:05:16   ├─ /blog/vendre-saint-alban-leysse-marche-attractif-croissance.html (+8ms)
12:05:16   ├─ /blog/immobilier-bassens-prix-m2-conseils-vendre-2025.html (+8ms)
12:05:16   ├─ /blog/estimation-maison-cognin-forte-demande-familiales.html (+8ms)
12:05:16   ├─ /blog/vendre-bien-la-ravoire-prix-continuent-grimper.html (+8ms)
12:05:16   ├─ /blog/prix-immobilier-barberaz-commune-tres-recherchee.html (+7ms)
12:05:16   ├─ /blog/estimation-immobiliere-pugny-chatenod-cadre-paisible.html (+9ms)
12:05:16   ├─ /blog/vendre-trevignin-village-prise-dessus-aix.html (+8ms)
12:05:16   ├─ /blog/immobilier-drumettaz-marche-actif-aix-chambery.html (+8ms)
12:05:16   ├─ /blog/estimation-maison-mery-marche-equilibre-2025.html (+8ms)
12:05:16   ├─ /blog/prix-m2-viviers-du-lac-maisons-partent-vite.html (+8ms)
12:05:16   ├─ /blog/vendre-tresserve-secteur-haut-gamme-bord-lac.html (+8ms)
12:05:16   ├─ /blog/estimation-saint-offenge-entre-aix-montagnes.html (+9ms)
12:05:16   ├─ /blog/immobilier-brison-saint-innocent-maisons-rares-lac.html (+8ms)
12:05:16   ├─ /blog/vendre-gresy-sur-aix-secteur-residentiel-forte-demande.html (+8ms)
12:05:16   ├─ /blog/prix-immobilier-la-biolle-vendre-bon-moment.html (+8ms)
12:05:16   ├─ /blog/estimation-immobiliere-saint-sulpice-lac-colline.html (+9ms)
12:05:16   ├─ /blog/3-mois-annee-maison-vendra-plus-cher-savoie.html (+9ms)
12:05:16   ├─ /blog/vendre-avant-printemps-2026-rapporter-10-pourcent-plus.html (+9ms)
12:05:16   ├─ /blog/temps-vendre-maison-chambery-2025-delais-reels.html (+9ms)
12:05:16   ├─ /blog/maison-perd-500-euros-mois-attendre-pourquoi.html (+9ms)
12:05:16   ├─ /blog/bon-moment-vendre-deja-passe-test-rapide.html (+9ms)
12:05:16   ├─ /blog/5-choses-faire-avant-vente-gagner-20000-euros.html (+9ms)
12:05:16   ├─ /blog/90-pourcent-vendeurs-sous-evaluent-bien-eviter.html (+9ms)
12:05:16   ├─ /blog/methode-7-jours-preparer-vente-meilleur-prix.html (+8ms)
12:05:16   ├─ /blog/transformer-defauts-maison-arguments-vente.html (+9ms)
12:05:16   ├─ /blog/cout-vente-agence-detail-complet-transparent.html (+9ms)
12:05:16   ├─ /blog/vendre-maison-credit-en-cours-guide-complet.html (+11ms)
12:05:16   ├─ /blog/vendre-pendant-travaux-possible-comment.html (+8ms)
12:05:16   ├─ /blog/vendre-challes-les-eaux-2025-prix-delais-conseils.html (+9ms)
12:05:16   ├─ /blog/estimation-gratuite-domicile-bauges-comment.html (+8ms)
12:05:16   ├─ /blog/10-rues-plus-recherchees-chambery-vendre-rapidement.html (+9ms)
12:05:16   ├─ /blog/vendre-maison-pres-ecole-aix-surcote-cachee.html (+10ms)
12:05:16   ├─ /blog/chambery-nord-vs-sud-ou-maison-vendra-mieux.html (+9ms)
12:05:16   ├─ /blog/vendre-quartier-hauts-chambery-prix-strategies-2025.html (+9ms)
12:05:16   ├─ /blog/estimation-quartier-prefecture-chambery-centre-historique.html (+14ms)
12:05:16   ├─ /blog/vendre-chambery-le-vieux-secteur-familial-demande.html (+10ms)
12:05:16   ├─ /blog/prix-immobilier-quartier-bissy-chambery-analyse-2025.html (+9ms)
12:05:16   ├─ /blog/vendre-pres-gare-chambery-atouts-proximite-tgv.html (+8ms)
12:05:16   ├─ /blog/estimation-immobiliere-quartier-madeleine-chambery.html (+8ms)
12:05:16   ├─ /blog/vendre-quartier-chantemerle-montagny-chambery.html (+8ms)
12:05:16   ├─ /blog/prix-immobilier-quartier-verney-chambery-opportunites-2025.html (+8ms)
12:05:16   ├─ /blog/vendre-aix-les-bains-quartier-marlioz-thermal-premium.html (+8ms)
12:05:16   ├─ /blog/estimation-immobiliere-centre-ville-aix-les-bains-prix-2025.html (+8ms)
12:05:16   ├─ /blog/vendre-quartier-sierroz-aix-les-bains-vue-lac-tranquillite.html (+8ms)
12:05:16   ├─ /blog/prix-immobilier-quartier-lafin-aix-les-bains-analyse.html (+9ms)
12:05:16   ├─ /blog/vendre-pres-port-aix-les-bains-proximite-lac-valorisee.html (+9ms)
12:05:16   ├─ /blog/estimation-quartier-puer-aix-les-bains-familial-recherche.html (+9ms)
12:05:16   ├─ /blog/vendre-maison-vue-mont-revard-surcote-montagne.html (+9ms)
12:05:16   ├─ /blog/prix-maisons-anciennes-renovees-villages-lac-bourget.html (+9ms)
12:05:16   ├─ /blog/vendre-appartement-terrasse-chambery-valorisation-exterieur.html (+9ms)
12:05:16   ├─ /blog/estimation-maison-cave-vin-savoie-atout-sous-estime.html (+9ms)
12:05:16   ├─ /blog/vendre-maison-dependance-aix-les-bains-double-valorisation.html (+9ms)
12:05:16   ├─ /blog/prix-maisons-neuves-chambery-comparatif-ancien.html (+10ms)
12:05:16   ├─ /blog/vendre-maison-village-pierre-savoie-valoriser-authenticite.html (+11ms)
12:05:16   ├─ /blog/estimation-appartement-dernier-etage-ascenseur-aix.html (+9ms)
12:05:16   ├─ /blog/vendre-la-ravoire-proximite-immediate-chambery-opportunite.html (+9ms)
12:05:16   ├─ /blog/prix-immobilier-sonnaz-commune-pleine-expansion.html (+8ms)
12:05:16   ├─ /blog/vendre-mouxy-secteur-residentiel-prise-proche-aix.html (+9ms)
12:05:16   ├─ /blog/estimation-challes-les-eaux-commune-thermale-croissance.html (+8ms)
12:05:16   ├─ /blog/vendre-vimines-charme-campagne-15min-chambery.html (+9ms)
12:05:16   ├─ /blog/prix-immobilier-bourdeau-village-lacustre-confidentiel.html (+8ms)
12:05:16   ├─ /blog/vendre-le-viviers-du-lac-entre-lac-autoroute-a43.html (+9ms)
12:05:16   ├─ /blog/estimation-la-chapelle-mont-chat-vue-panoramique-lac-montagne.html (+8ms)
12:05:16   ├─ /blog/vendre-rapidement-chambery-checklist-15-actions-essentielles.html (+9ms)
12:05:16   ├─ /blog/fixer-juste-prix-maison-familiale-savoie-methode.html (+8ms)
12:05:16   ├─ /blog/diagnostics-immobiliers-obligatoires-2025-ne-rien-oublier.html (+9ms)
12:05:16   ├─ /blog/vendre-hiver-vs-printemps-aix-les-bains-choisir.html (+8ms)
12:05:16   └─ /blog/importance-photos-professionnelles-vendre-savoie.html (+9ms)
12:05:16 ▶ src/pages/blog/index.astro
12:05:16   └─ /blog.html (+346ms)
12:05:17 ▶ src/pages/cgv.astro
12:05:17   └─ /cgv.html (+19ms)
12:05:17 ▶ src/pages/confidentialite.astro
12:05:17   └─ /confidentialite.html (+6ms)
12:05:17 ▶ src/pages/contact.astro
12:05:17   └─ /contact.html (+10ms)
12:05:17 ▶ src/pages/cta.astro
12:05:17   └─ /cta.html (+6ms)
12:05:17 ▶ src/pages/estimation/[slug].astro
12:05:17   ├─ /estimation/chambery.html (+22ms)
12:05:17   ├─ /estimation/la-ravoire.html (+14ms)
12:05:17   ├─ /estimation/voglans.html (+14ms)
12:05:17   ├─ /estimation/aix-les-bains.html (+13ms)
12:05:17   ├─ /estimation/barberaz.html (+14ms)
12:05:17   ├─ /estimation/bassens.html (+11ms)
12:05:17   ├─ /estimation/cognin.html (+12ms)
12:05:17   ├─ /estimation/jacob-bellecombette.html (+12ms)
12:05:17   ├─ /estimation/saint-alban-leysse.html (+11ms)
12:05:17   ├─ /estimation/la-motte-servolex.html (+12ms)
12:05:17   ├─ /estimation/sonnaz.html (+12ms)
12:05:17   ├─ /estimation/challes-les-eaux.html (+12ms)
12:05:17   ├─ /estimation/saint-baldoph.html (+11ms)
12:05:17   ├─ /estimation/vimines.html (+12ms)
12:05:17   ├─ /estimation/montagnole.html (+11ms)
12:05:17   ├─ /estimation/gresy-sur-aix.html (+11ms)
12:05:17   ├─ /estimation/tresserve.html (+12ms)
12:05:17   ├─ /estimation/mouxy.html (+11ms)
12:05:17   ├─ /estimation/brison-saint-innocent.html (+11ms)
12:05:17   ├─ /estimation/drumettaz-clarafond.html (+12ms)
12:05:17   ├─ /estimation/le-bourget-du-lac.html (+12ms)
12:05:17   ├─ /estimation/viviers-du-lac.html (+12ms)
12:05:17   ├─ /estimation/mery.html (+11ms)
12:05:17   ├─ /estimation/bourdeau.html (+12ms)
12:05:17   ├─ /estimation/la-chapelle-du-mont-du-chat.html (+11ms)
12:05:17   └─ /estimation/le-viviers.html (+11ms)
12:05:17 ▶ src/pages/estimation.astro
12:05:17   └─ /estimation.html (+14ms)
12:05:17 ▶ src/pages/fonds-commerce.astro
12:05:17   └─ /fonds-commerce.html (+18ms)
12:05:17 ▶ src/pages/fonds-commerce-aix-les-bains.astro
12:05:17   └─ /fonds-commerce-aix-les-bains.html (+10ms)
12:05:17 ▶ src/pages/fonds-commerce-barberaz.astro
12:05:17   └─ /fonds-commerce-barberaz.html (+10ms)
12:05:17 ▶ src/pages/fonds-commerce-barby.astro
12:05:17   └─ /fonds-commerce-barby.html (+9ms)
12:05:17 ▶ src/pages/fonds-commerce-bassens.astro
12:05:17   └─ /fonds-commerce-bassens.html (+8ms)
12:05:17 ▶ src/pages/fonds-commerce-bourdeau.astro
12:05:17   └─ /fonds-commerce-bourdeau.html (+8ms)
12:05:17 ▶ src/pages/fonds-commerce-challes-les-eaux.astro
12:05:17   └─ /fonds-commerce-challes-les-eaux.html (+8ms)
12:05:17 ▶ src/pages/fonds-commerce-chambery.astro
12:05:17   └─ /fonds-commerce-chambery.html (+8ms)
12:05:17 ▶ src/pages/fonds-commerce-chignin.astro
12:05:17   └─ /fonds-commerce-chignin.html (+8ms)
12:05:17 ▶ src/pages/fonds-commerce-cognin.astro
12:05:17   └─ /fonds-commerce-cognin.html (+9ms)
12:05:17 ▶ src/pages/fonds-commerce-drumettaz-clarafond.astro
12:05:17   └─ /fonds-commerce-drumettaz-clarafond.html (+8ms)
12:05:17 ▶ src/pages/fonds-commerce-gresy-sur-aix.astro
12:05:17   └─ /fonds-commerce-gresy-sur-aix.html (+8ms)
12:05:17 ▶ src/pages/fonds-commerce-jacob-bellecombette.astro
12:05:17   └─ /fonds-commerce-jacob-bellecombette.html (+10ms)
12:05:17 ▶ src/pages/fonds-commerce-la-motte-servolex.astro
12:05:17   └─ /fonds-commerce-la-motte-servolex.html (+8ms)
12:05:17 ▶ src/pages/fonds-commerce-la-ravoire.astro
12:05:17   └─ /fonds-commerce-la-ravoire.html (+10ms)
12:05:17 ▶ src/pages/fonds-commerce-la-rochette.astro
12:05:17   └─ /fonds-commerce-la-rochette.html (+12ms)
12:05:17 ▶ src/pages/fonds-commerce-le-bourget-du-lac.astro
12:05:17   └─ /fonds-commerce-le-bourget-du-lac.html (+12ms)
12:05:17 ▶ src/pages/fonds-commerce-mery.astro
12:05:17   └─ /fonds-commerce-mery.html (+11ms)
12:05:17 ▶ src/pages/fonds-commerce-montmelian.astro
12:05:17   └─ /fonds-commerce-montmelian.html (+10ms)
12:05:17 ▶ src/pages/fonds-commerce-myans.astro
12:05:17   └─ /fonds-commerce-myans.html (+10ms)
12:05:17 ▶ src/pages/fonds-commerce-puygros.astro
12:05:17   └─ /fonds-commerce-puygros.html (+10ms)
12:05:17 ▶ src/pages/fonds-commerce-saint-alban-leysse.astro
12:05:17   └─ /fonds-commerce-saint-alban-leysse.html (+16ms)
12:05:17 ▶ src/pages/fonds-commerce-saint-jeoire-prieure.astro
12:05:17   └─ /fonds-commerce-saint-jeoire-prieure.html (+8ms)
12:05:17 ▶ src/pages/fonds-commerce-saint-pierre-d-albigny.astro
12:05:17   └─ /fonds-commerce-saint-pierre-d-albigny.html (+8ms)
12:05:17 ▶ src/pages/fonds-commerce-tresserve.astro
12:05:17   └─ /fonds-commerce-tresserve.html (+8ms)
12:05:17 ▶ src/pages/fonds-commerce-viviers-du-lac.astro
12:05:17   └─ /fonds-commerce-viviers-du-lac.html (+8ms)
12:05:17 ▶ src/pages/fonds-commerce-voglans.astro
12:05:17   └─ /fonds-commerce-voglans.html (+9ms)
12:05:17 ▶ src/pages/guides/diagnostics-obligatoires.astro
12:05:17   └─ /guides/diagnostics-obligatoires.html (+7ms)
12:05:17 ▶ src/pages/guides/estimation-bien.astro
12:05:17   └─ /guides/estimation-bien.html (+8ms)
12:05:17 ▶ src/pages/guides/fiscalite-vente.astro
12:05:17   └─ /guides/fiscalite-vente.html (+6ms)
12:05:17 ▶ src/pages/guides/merci.astro
12:05:17   └─ /guides/merci.html (+8ms)
12:05:17 ▶ src/pages/guides/preparer-maison.astro
12:05:17   └─ /guides/preparer-maison.html (+9ms)
12:05:17 ▶ src/pages/guides/vendre-2025.astro
12:05:17   └─ /guides/vendre-2025.html (+8ms)
12:05:17 ▶ src/pages/guides/index.astro
12:05:17   └─ /guides.html (+13ms)
12:05:17 ▶ src/pages/honoraires.astro
12:05:17   └─ /honoraires.html (+15ms)
12:05:17 ▶ src/pages/immeuble-rapport-aix-les-bains.astro
12:05:17   └─ /immeuble-rapport-aix-les-bains.html (+13ms)
12:05:17 ▶ src/pages/immeuble-rapport-barberaz.astro
12:05:17   └─ /immeuble-rapport-barberaz.html (+11ms)
12:05:17 ▶ src/pages/immeuble-rapport-barby.astro
12:05:17   └─ /immeuble-rapport-barby.html (+18ms)
12:05:18 ▶ src/pages/immeuble-rapport-bassens.astro
12:05:18   └─ /immeuble-rapport-bassens.html (+28ms)
12:05:18 ▶ src/pages/immeuble-rapport-bourdeau.astro
12:05:18   └─ /immeuble-rapport-bourdeau.html (+31ms)
12:05:18 ▶ src/pages/immeuble-rapport-challes-les-eaux.astro
12:05:18   └─ /immeuble-rapport-challes-les-eaux.html (+23ms)
12:05:18 ▶ src/pages/immeuble-rapport-chambery.astro
12:05:18   └─ /immeuble-rapport-chambery.html (+12ms)
12:05:18 ▶ src/pages/immeuble-rapport-chignin.astro
12:05:18   └─ /immeuble-rapport-chignin.html (+13ms)
12:05:18 ▶ src/pages/immeuble-rapport-cognin.astro
12:05:18   └─ /immeuble-rapport-cognin.html (+10ms)
12:05:18 ▶ src/pages/immeuble-rapport-drumettaz-clarafond.astro
12:05:18   └─ /immeuble-rapport-drumettaz-clarafond.html (+14ms)
12:05:18 ▶ src/pages/immeuble-rapport-gresy-sur-aix.astro
12:05:18   └─ /immeuble-rapport-gresy-sur-aix.html (+24ms)
12:05:18 ▶ src/pages/immeuble-rapport-jacob-bellecombette.astro
12:05:18   └─ /immeuble-rapport-jacob-bellecombette.html (+13ms)
12:05:18 ▶ src/pages/immeuble-rapport-la-motte-servolex.astro
12:05:18   └─ /immeuble-rapport-la-motte-servolex.html (+11ms)
12:05:18 ▶ src/pages/immeuble-rapport-la-ravoire.astro
12:05:18   └─ /immeuble-rapport-la-ravoire.html (+9ms)
12:05:18 ▶ src/pages/immeuble-rapport-la-rochette.astro
12:05:18   └─ /immeuble-rapport-la-rochette.html (+9ms)
12:05:18 ▶ src/pages/immeuble-rapport-le-bourget-du-lac.astro
12:05:18   └─ /immeuble-rapport-le-bourget-du-lac.html (+10ms)
12:05:18 ▶ src/pages/immeuble-rapport-mery.astro
12:05:18   └─ /immeuble-rapport-mery.html (+12ms)
12:05:18 ▶ src/pages/immeuble-rapport-montmelian.astro
12:05:18   └─ /immeuble-rapport-montmelian.html (+18ms)
12:05:18 ▶ src/pages/immeuble-rapport-myans.astro
12:05:18   └─ /immeuble-rapport-myans.html (+20ms)
12:05:18 ▶ src/pages/immeuble-rapport-puygros.astro
12:05:18   └─ /immeuble-rapport-puygros.html (+13ms)
12:05:18 ▶ src/pages/immeuble-rapport-saint-alban-leysse.astro
12:05:18   └─ /immeuble-rapport-saint-alban-leysse.html (+18ms)
12:05:18 ▶ src/pages/immeuble-rapport-saint-jeoire-prieure.astro
12:05:18   └─ /immeuble-rapport-saint-jeoire-prieure.html (+12ms)
12:05:18 ▶ src/pages/immeuble-rapport-saint-pierre-d-albigny.astro
12:05:18   └─ /immeuble-rapport-saint-pierre-d-albigny.html (+12ms)
12:05:18 ▶ src/pages/immeuble-rapport-sonnaz.astro
12:05:18   └─ /immeuble-rapport-sonnaz.html (+14ms)
12:05:18 ▶ src/pages/immeuble-rapport-tresserve.astro
12:05:18   └─ /immeuble-rapport-tresserve.html (+13ms)
12:05:18 ▶ src/pages/immeuble-rapport-viviers-du-lac.astro
12:05:18   └─ /immeuble-rapport-viviers-du-lac.html (+26ms)
12:05:18 ▶ src/pages/immeuble-rapport-voglans.astro
12:05:18   └─ /immeuble-rapport-voglans.html (+52ms)
12:05:18 ▶ src/pages/immeubles-rapport.astro
12:05:18   └─ /immeubles-rapport.html (+31ms)
12:05:18 ▶ src/pages/locaux-commerciaux.astro
12:05:18   └─ /locaux-commerciaux.html (+23ms)
12:05:18 ▶ src/pages/locaux-commerciaux-aix-les-bains.astro
12:05:18   └─ /locaux-commerciaux-aix-les-bains.html (+15ms)
12:05:18 ▶ src/pages/locaux-commerciaux-barberaz.astro
12:05:18   └─ /locaux-commerciaux-barberaz.html (+14ms)
12:05:18 ▶ src/pages/locaux-commerciaux-barby.astro
12:05:18   └─ /locaux-commerciaux-barby.html (+19ms)
12:05:18 ▶ src/pages/locaux-commerciaux-bassens.astro
12:05:18   └─ /locaux-commerciaux-bassens.html (+15ms)
12:05:18 ▶ src/pages/locaux-commerciaux-bourdeau.astro
12:05:18   └─ /locaux-commerciaux-bourdeau.html (+12ms)
12:05:18 ▶ src/pages/locaux-commerciaux-challes-les-eaux.astro
12:05:18   └─ /locaux-commerciaux-challes-les-eaux.html (+15ms)
12:05:18 ▶ src/pages/locaux-commerciaux-chambery.astro
12:05:18   └─ /locaux-commerciaux-chambery.html (+18ms)
12:05:18 ▶ src/pages/locaux-commerciaux-chignin.astro
12:05:18   └─ /locaux-commerciaux-chignin.html (+25ms)
12:05:18 ▶ src/pages/locaux-commerciaux-cognin.astro
12:05:18   └─ /locaux-commerciaux-cognin.html (+49ms)
12:05:18 ▶ src/pages/locaux-commerciaux-drumettaz-clarafond.astro
12:05:18   └─ /locaux-commerciaux-drumettaz-clarafond.html (+29ms)
12:05:18 ▶ src/pages/locaux-commerciaux-gresy-sur-aix.astro
12:05:18   └─ /locaux-commerciaux-gresy-sur-aix.html (+12ms)
12:05:18 ▶ src/pages/locaux-commerciaux-jacob-bellecombette.astro
12:05:18   └─ /locaux-commerciaux-jacob-bellecombette.html (+20ms)
12:05:18 ▶ src/pages/locaux-commerciaux-la-motte-servolex.astro
12:05:18   └─ /locaux-commerciaux-la-motte-servolex.html (+12ms)
12:05:18 ▶ src/pages/locaux-commerciaux-la-ravoire.astro
12:05:18   └─ /locaux-commerciaux-la-ravoire.html (+13ms)
12:05:18 ▶ src/pages/locaux-commerciaux-la-rochette.astro
12:05:18   └─ /locaux-commerciaux-la-rochette.html (+21ms)
12:05:18 ▶ src/pages/locaux-commerciaux-le-bourget-du-lac.astro
12:05:18   └─ /locaux-commerciaux-le-bourget-du-lac.html (+22ms)
12:05:18 ▶ src/pages/locaux-commerciaux-mery.astro
12:05:18   └─ /locaux-commerciaux-mery.html (+19ms)
12:05:19 ▶ src/pages/locaux-commerciaux-montmelian.astro
12:05:19   └─ /locaux-commerciaux-montmelian.html (+13ms)
12:05:19 ▶ src/pages/locaux-commerciaux-myans.astro
12:05:19   └─ /locaux-commerciaux-myans.html (+15ms)
12:05:19 ▶ src/pages/locaux-commerciaux-puygros.astro
12:05:19   └─ /locaux-commerciaux-puygros.html (+30ms)
12:05:19 ▶ src/pages/locaux-commerciaux-saint-alban-leysse.astro
12:05:19   └─ /locaux-commerciaux-saint-alban-leysse.html (+15ms)
12:05:19 ▶ src/pages/locaux-commerciaux-saint-jeoire-prieure.astro
12:05:19   └─ /locaux-commerciaux-saint-jeoire-prieure.html (+13ms)
12:05:19 ▶ src/pages/locaux-commerciaux-saint-pierre-d-albigny.astro
12:05:19   └─ /locaux-commerciaux-saint-pierre-d-albigny.html (+16ms)
12:05:19 ▶ src/pages/locaux-commerciaux-sonnaz.astro
12:05:19   └─ /locaux-commerciaux-sonnaz.html (+15ms)
12:05:19 ▶ src/pages/locaux-commerciaux-tresserve.astro
12:05:19   └─ /locaux-commerciaux-tresserve.html (+16ms)
12:05:19 ▶ src/pages/locaux-commerciaux-viviers-du-lac.astro
12:05:19   └─ /locaux-commerciaux-viviers-du-lac.html (+13ms)
12:05:19 ▶ src/pages/locaux-commerciaux-voglans.astro
12:05:19   └─ /locaux-commerciaux-voglans.html (+14ms)
12:05:19 ▶ src/pages/mentions-legales.astro
12:05:19   └─ /mentions-legales.html (+8ms)
12:05:19 ▶ src/pages/politique-de-confidentialite.astro
12:05:19   └─ /politique-de-confidentialite.html (+10ms)
12:05:19 ▶ src/pages/propriete-prestige-aix-les-bains.astro
12:05:19   └─ /propriete-prestige-aix-les-bains.html (+11ms)
12:05:19 ▶ src/pages/propriete-prestige-barberaz.astro
12:05:19   └─ /propriete-prestige-barberaz.html (+10ms)
12:05:19 ▶ src/pages/propriete-prestige-barby.astro
12:05:19   └─ /propriete-prestige-barby.html (+8ms)
12:05:19 ▶ src/pages/propriete-prestige-bassens.astro
12:05:19   └─ /propriete-prestige-bassens.html (+11ms)
12:05:19 ▶ src/pages/propriete-prestige-bourdeau.astro
12:05:19   └─ /propriete-prestige-bourdeau.html (+10ms)
12:05:19 ▶ src/pages/propriete-prestige-challes-les-eaux.astro
12:05:19   └─ /propriete-prestige-challes-les-eaux.html (+9ms)
12:05:19 ▶ src/pages/propriete-prestige-chambery.astro
12:05:19   └─ /propriete-prestige-chambery.html (+10ms)
12:05:19 ▶ src/pages/propriete-prestige-chignin.astro
12:05:19   └─ /propriete-prestige-chignin.html (+10ms)
12:05:19 ▶ src/pages/propriete-prestige-cognin.astro
12:05:19   └─ /propriete-prestige-cognin.html (+10ms)
12:05:19 ▶ src/pages/propriete-prestige-drumettaz-clarafond.astro
12:05:19   └─ /propriete-prestige-drumettaz-clarafond.html (+8ms)
12:05:19 ▶ src/pages/propriete-prestige-gresy-sur-aix.astro
12:05:19   └─ /propriete-prestige-gresy-sur-aix.html (+10ms)
12:05:19 ▶ src/pages/propriete-prestige-jacob-bellecombette.astro
12:05:19   └─ /propriete-prestige-jacob-bellecombette.html (+9ms)
12:05:19 ▶ src/pages/propriete-prestige-la-motte-servolex.astro
12:05:19   └─ /propriete-prestige-la-motte-servolex.html (+8ms)
12:05:19 ▶ src/pages/propriete-prestige-la-ravoire.astro
12:05:19   └─ /propriete-prestige-la-ravoire.html (+8ms)
12:05:19 ▶ src/pages/propriete-prestige-la-rochette.astro
12:05:19   └─ /propriete-prestige-la-rochette.html (+9ms)
12:05:19 ▶ src/pages/propriete-prestige-le-bourget-du-lac.astro
12:05:19   └─ /propriete-prestige-le-bourget-du-lac.html (+9ms)
12:05:19 ▶ src/pages/propriete-prestige-mery.astro
12:05:19   └─ /propriete-prestige-mery.html (+8ms)
12:05:19 ▶ src/pages/propriete-prestige-montmelian.astro
12:05:19   └─ /propriete-prestige-montmelian.html (+10ms)
12:05:19 ▶ src/pages/propriete-prestige-myans.astro
12:05:19   └─ /propriete-prestige-myans.html (+9ms)
12:05:19 ▶ src/pages/propriete-prestige-puygros.astro
12:05:19   └─ /propriete-prestige-puygros.html (+8ms)
12:05:19 ▶ src/pages/propriete-prestige-saint-alban-leysse.astro
12:05:19   └─ /propriete-prestige-saint-alban-leysse.html (+10ms)
12:05:19 ▶ src/pages/propriete-prestige-saint-jeoire-prieure.astro
12:05:19   └─ /propriete-prestige-saint-jeoire-prieure.html (+9ms)
12:05:19 ▶ src/pages/propriete-prestige-saint-pierre-d-albigny.astro
12:05:19   └─ /propriete-prestige-saint-pierre-d-albigny.html (+9ms)
12:05:19 ▶ src/pages/propriete-prestige-sonnaz.astro
12:05:19   └─ /propriete-prestige-sonnaz.html (+9ms)
12:05:19 ▶ src/pages/propriete-prestige-tresserve.astro
12:05:19   └─ /propriete-prestige-tresserve.html (+10ms)
12:05:19 ▶ src/pages/propriete-prestige-viviers-du-lac.astro
12:05:19   └─ /propriete-prestige-viviers-du-lac.html (+10ms)
12:05:19 ▶ src/pages/propriete-prestige-voglans.astro
12:05:19   └─ /propriete-prestige-voglans.html (+9ms)
12:05:19 ▶ src/pages/proprietes-prestige.astro
12:05:19   └─ /proprietes-prestige.html (+12ms)
12:05:19 ▶ src/pages/rgpd.astro
12:05:19   └─ /rgpd.html (+18ms)
12:05:19 ▶ src/pages/services.astro
12:05:19   └─ /services.html (+18ms)
12:05:19 ▶ src/pages/sitemap.astro
12:05:19   └─ /sitemap.html (+8ms)
12:05:19 λ src/pages/sitemap-blog.xml.ts
12:05:19   └─ /sitemap-blog.xml (+11ms)
12:05:19 λ src/pages/sitemap-complet.xml.ts
12:05:19   └─ /sitemap-complet.xml (+5ms)
12:05:19 λ src/pages/sitemap-core.xml.ts
12:05:19   └─ /sitemap-core.xml (+2ms)
12:05:19 λ src/pages/sitemap-estimation.xml.ts
12:05:19   └─ /sitemap-estimation.xml (+2ms)
12:05:19 ▶ src/pages/vendre.astro
12:05:19   └─ /vendre.html (+40ms)
12:05:19 ▶ src/pages/vendre-appartement.astro
12:05:19   └─ /vendre-appartement.html (+16ms)
12:05:19 ▶ src/pages/vendre-appartement-aix-les-bains.astro
12:05:19   └─ /vendre-appartement-aix-les-bains.html (+13ms)
12:05:19 ▶ src/pages/vendre-appartement-barberaz.astro
12:05:19   └─ /vendre-appartement-barberaz.html (+11ms)
12:05:19 ▶ src/pages/vendre-appartement-barby.astro
12:05:19   └─ /vendre-appartement-barby.html (+13ms)
12:05:19 ▶ src/pages/vendre-appartement-bassens.astro
12:05:19   └─ /vendre-appartement-bassens.html (+12ms)
12:05:19 ▶ src/pages/vendre-appartement-bourdeau.astro
12:05:19   └─ /vendre-appartement-bourdeau.html (+12ms)
12:05:19 ▶ src/pages/vendre-appartement-challes-les-eaux.astro
12:05:19   └─ /vendre-appartement-challes-les-eaux.html (+11ms)
12:05:19 ▶ src/pages/vendre-appartement-chambery.astro
12:05:19   └─ /vendre-appartement-chambery.html (+11ms)
12:05:19 ▶ src/pages/vendre-appartement-chignin.astro
12:05:19   └─ /vendre-appartement-chignin.html (+12ms)
12:05:19 ▶ src/pages/vendre-appartement-cognin.astro
12:05:19   └─ /vendre-appartement-cognin.html (+11ms)
12:05:19 ▶ src/pages/vendre-appartement-drumettaz-clarafond.astro
12:05:19   └─ /vendre-appartement-drumettaz-clarafond.html (+11ms)
12:05:19 ▶ src/pages/vendre-appartement-gresy-sur-aix.astro
12:05:19   └─ /vendre-appartement-gresy-sur-aix.html (+11ms)
12:05:19 ▶ src/pages/vendre-appartement-jacob-bellecombette.astro
12:05:19   └─ /vendre-appartement-jacob-bellecombette.html (+12ms)
12:05:19 ▶ src/pages/vendre-appartement-la-motte-servolex.astro
12:05:19   └─ /vendre-appartement-la-motte-servolex.html (+11ms)
12:05:19 ▶ src/pages/vendre-appartement-la-ravoire.astro
12:05:19   └─ /vendre-appartement-la-ravoire.html (+12ms)
12:05:19 ▶ src/pages/vendre-appartement-la-rochette.astro
12:05:19   └─ /vendre-appartement-la-rochette.html (+12ms)
12:05:19 ▶ src/pages/vendre-appartement-le-bourget-du-lac.astro
12:05:19   └─ /vendre-appartement-le-bourget-du-lac.html (+11ms)
12:05:19 ▶ src/pages/vendre-appartement-mery.astro
12:05:19   └─ /vendre-appartement-mery.html (+11ms)
12:05:19 ▶ src/pages/vendre-appartement-montmelian.astro
12:05:19   └─ /vendre-appartement-montmelian.html (+11ms)
12:05:19 ▶ src/pages/vendre-appartement-myans.astro
12:05:19   └─ /vendre-appartement-myans.html (+13ms)
12:05:19 ▶ src/pages/vendre-appartement-puygros.astro
12:05:19   └─ /vendre-appartement-puygros.html (+12ms)
12:05:20 ▶ src/pages/vendre-appartement-saint-alban-leysse.astro
12:05:20   └─ /vendre-appartement-saint-alban-leysse.html (+11ms)
12:05:20 ▶ src/pages/vendre-appartement-saint-jeoire-prieure.astro
12:05:20   └─ /vendre-appartement-saint-jeoire-prieure.html (+11ms)
12:05:20 ▶ src/pages/vendre-appartement-saint-pierre-d-albigny.astro
12:05:20   └─ /vendre-appartement-saint-pierre-d-albigny.html (+17ms)
12:05:20 ▶ src/pages/vendre-appartement-sonnaz.astro
12:05:20   └─ /vendre-appartement-sonnaz.html (+12ms)
12:05:20 ▶ src/pages/vendre-appartement-tresserve.astro
12:05:20   └─ /vendre-appartement-tresserve.html (+12ms)
12:05:20 ▶ src/pages/vendre-appartement-viviers-du-lac.astro
12:05:20   └─ /vendre-appartement-viviers-du-lac.html (+12ms)
12:05:20 ▶ src/pages/vendre-appartement-voglans.astro
12:05:20   └─ /vendre-appartement-voglans.html (+13ms)
12:05:20 ▶ src/pages/vendre-bien-atypique.astro
12:05:20   └─ /vendre-bien-atypique.html (+15ms)
12:05:20 ▶ src/pages/vendre-garage-aix-les-bains.astro
12:05:20   └─ /vendre-garage-aix-les-bains.html (+27ms)
12:05:20 ▶ src/pages/vendre-garage-barberaz.astro
12:05:20   └─ /vendre-garage-barberaz.html (+11ms)
12:05:20 ▶ src/pages/vendre-garage-barby.astro
12:05:20   └─ /vendre-garage-barby.html (+11ms)
12:05:20 ▶ src/pages/vendre-garage-bassens.astro
12:05:20   └─ /vendre-garage-bassens.html (+10ms)
12:05:20 ▶ src/pages/vendre-garage-bourdeau.astro
12:05:20   └─ /vendre-garage-bourdeau.html (+12ms)
12:05:20 ▶ src/pages/vendre-garage-challes-les-eaux.astro
12:05:20   └─ /vendre-garage-challes-les-eaux.html (+9ms)
12:05:20 ▶ src/pages/vendre-garage-chambery.astro
12:05:20   └─ /vendre-garage-chambery.html (+11ms)
12:05:20 ▶ src/pages/vendre-garage-chignin.astro
12:05:20   └─ /vendre-garage-chignin.html (+10ms)
12:05:20 ▶ src/pages/vendre-garage-cognin.astro
12:05:20   └─ /vendre-garage-cognin.html (+9ms)
12:05:20 ▶ src/pages/vendre-garage-drumettaz-clarafond.astro
12:05:20   └─ /vendre-garage-drumettaz-clarafond.html (+11ms)
12:05:20 ▶ src/pages/vendre-garage-gresy-sur-aix.astro
12:05:20   └─ /vendre-garage-gresy-sur-aix.html (+10ms)
12:05:20 ▶ src/pages/vendre-garage-jacob-bellecombette.astro
12:05:20   └─ /vendre-garage-jacob-bellecombette.html (+10ms)
12:05:20 ▶ src/pages/vendre-garage-la-motte-servolex.astro
12:05:20   └─ /vendre-garage-la-motte-servolex.html (+12ms)
12:05:20 ▶ src/pages/vendre-garage-la-ravoire.astro
12:05:20   └─ /vendre-garage-la-ravoire.html (+10ms)
12:05:20 ▶ src/pages/vendre-garage-la-rochette.astro
12:05:20   └─ /vendre-garage-la-rochette.html (+9ms)
12:05:20 ▶ src/pages/vendre-garage-le-bourget-du-lac.astro
12:05:20   └─ /vendre-garage-le-bourget-du-lac.html (+10ms)
12:05:20 ▶ src/pages/vendre-garage-mery.astro
12:05:20   └─ /vendre-garage-mery.html (+10ms)
12:05:20 ▶ src/pages/vendre-garage-montmelian.astro
12:05:20   └─ /vendre-garage-montmelian.html (+10ms)
12:05:20 ▶ src/pages/vendre-garage-myans.astro
12:05:20   └─ /vendre-garage-myans.html (+10ms)
12:05:20 ▶ src/pages/vendre-garage-puygros.astro
12:05:20   └─ /vendre-garage-puygros.html (+12ms)
12:05:20 ▶ src/pages/vendre-garage-saint-alban-leysse.astro
12:05:20   └─ /vendre-garage-saint-alban-leysse.html (+11ms)
12:05:20 ▶ src/pages/vendre-garage-saint-jeoire-prieure.astro
12:05:20   └─ /vendre-garage-saint-jeoire-prieure.html (+11ms)
12:05:20 ▶ src/pages/vendre-garage-saint-pierre-d-albigny.astro
12:05:20   └─ /vendre-garage-saint-pierre-d-albigny.html (+11ms)
12:05:20 ▶ src/pages/vendre-garage-sonnaz.astro
12:05:20   └─ /vendre-garage-sonnaz.html (+9ms)
12:05:20 ▶ src/pages/vendre-garage-tresserve.astro
12:05:20   └─ /vendre-garage-tresserve.html (+11ms)
12:05:20 ▶ src/pages/vendre-garage-viviers-du-lac.astro
12:05:20   └─ /vendre-garage-viviers-du-lac.html (+11ms)
12:05:20 ▶ src/pages/vendre-garage-voglans.astro
12:05:20   └─ /vendre-garage-voglans.html (+13ms)
12:05:20 ▶ src/pages/vendre-maison.astro
12:05:20   └─ /vendre-maison.html (+17ms)
12:05:20 ▶ src/pages/vendre-maison-aix-les-bains.astro
12:05:20   └─ /vendre-maison-aix-les-bains.html (+21ms)
12:05:20 ▶ src/pages/vendre-maison-barberaz.astro
12:05:20   └─ /vendre-maison-barberaz.html (+13ms)
12:05:20 ▶ src/pages/vendre-maison-barby.astro
12:05:20   └─ /vendre-maison-barby.html (+10ms)
12:05:20 ▶ src/pages/vendre-maison-bassens.astro
12:05:20   └─ /vendre-maison-bassens.html (+12ms)
12:05:20 ▶ src/pages/vendre-maison-bourdeau.astro
12:05:20   └─ /vendre-maison-bourdeau.html (+11ms)
12:05:20 ▶ src/pages/vendre-maison-challes-les-eaux.astro
12:05:20   └─ /vendre-maison-challes-les-eaux.html (+12ms)
12:05:20 ▶ src/pages/vendre-maison-chambery.astro
12:05:20   └─ /vendre-maison-chambery.html (+28ms)
12:05:20 ▶ src/pages/vendre-maison-chignin.astro
12:05:20   └─ /vendre-maison-chignin.html (+13ms)
12:05:20 ▶ src/pages/vendre-maison-cognin.astro
12:05:20   └─ /vendre-maison-cognin.html (+13ms)
12:05:20 ▶ src/pages/vendre-maison-drumettaz-clarafond.astro
12:05:20   └─ /vendre-maison-drumettaz-clarafond.html (+11ms)
12:05:20 ▶ src/pages/vendre-maison-gresy-sur-aix.astro
12:05:20   └─ /vendre-maison-gresy-sur-aix.html (+11ms)
12:05:20 ▶ src/pages/vendre-maison-jacob-bellecombette.astro
12:05:20   └─ /vendre-maison-jacob-bellecombette.html (+10ms)
12:05:20 ▶ src/pages/vendre-maison-la-motte-servolex.astro
12:05:20   └─ /vendre-maison-la-motte-servolex.html (+13ms)
12:05:20 ▶ src/pages/vendre-maison-la-ravoire.astro
12:05:20   └─ /vendre-maison-la-ravoire.html (+44ms)
12:05:20 ▶ src/pages/vendre-maison-la-rochette.astro
12:05:20   └─ /vendre-maison-la-rochette.html (+11ms)
12:05:20 ▶ src/pages/vendre-maison-le-bourget-du-lac.astro
12:05:20   └─ /vendre-maison-le-bourget-du-lac.html (+14ms)
12:05:20 ▶ src/pages/vendre-maison-mery.astro
12:05:20   └─ /vendre-maison-mery.html (+11ms)
12:05:20 ▶ src/pages/vendre-maison-montmelian.astro
12:05:20   └─ /vendre-maison-montmelian.html (+11ms)
12:05:20 ▶ src/pages/vendre-maison-myans.astro
12:05:20   └─ /vendre-maison-myans.html (+10ms)
12:05:20 ▶ src/pages/vendre-maison-puygros.astro
12:05:20   └─ /vendre-maison-puygros.html (+11ms)
12:05:20 ▶ src/pages/vendre-maison-saint-alban-leysse.astro
12:05:20   └─ /vendre-maison-saint-alban-leysse.html (+13ms)
12:05:20 ▶ src/pages/vendre-maison-saint-jeoire-prieure.astro
12:05:20   └─ /vendre-maison-saint-jeoire-prieure.html (+10ms)
12:05:20 ▶ src/pages/vendre-maison-saint-pierre-d-albigny.astro
12:05:20   └─ /vendre-maison-saint-pierre-d-albigny.html (+11ms)
12:05:20 ▶ src/pages/vendre-maison-sonnaz.astro
12:05:20   └─ /vendre-maison-sonnaz.html (+11ms)
12:05:20 ▶ src/pages/vendre-maison-tresserve.astro
12:05:20   └─ /vendre-maison-tresserve.html (+11ms)
12:05:20 ▶ src/pages/vendre-maison-vimines.astro
12:05:20   └─ /vendre-maison-vimines.html (+10ms)
12:05:20 ▶ src/pages/vendre-maison-viviers-du-lac.astro
12:05:20   └─ /vendre-maison-viviers-du-lac.html (+14ms)
12:05:21 ▶ src/pages/vendre-maison-voglans.astro
12:05:21   └─ /vendre-maison-voglans.html (+18ms)
12:05:21 ▶ src/pages/vendre-terrain.astro
12:05:21   └─ /vendre-terrain.html (+17ms)
12:05:21 ▶ src/pages/vendre-terrain-aix-les-bains.astro
12:05:21   └─ /vendre-terrain-aix-les-bains.html (+16ms)
12:05:21 ▶ src/pages/vendre-terrain-barberaz.astro
12:05:21   └─ /vendre-terrain-barberaz.html (+16ms)
12:05:21 ▶ src/pages/vendre-terrain-barby.astro
12:05:21   └─ /vendre-terrain-barby.html (+15ms)
12:05:21 ▶ src/pages/vendre-terrain-bassens.astro
12:05:21   └─ /vendre-terrain-bassens.html (+15ms)
12:05:21 ▶ src/pages/vendre-terrain-bourdeau.astro
12:05:21   └─ /vendre-terrain-bourdeau.html (+17ms)
12:05:21 ▶ src/pages/vendre-terrain-challes-les-eaux.astro
12:05:21   └─ /vendre-terrain-challes-les-eaux.html (+23ms)
12:05:21 ▶ src/pages/vendre-terrain-chambery.astro
12:05:21   └─ /vendre-terrain-chambery.html (+18ms)
12:05:21 ▶ src/pages/vendre-terrain-chignin.astro
12:05:21   └─ /vendre-terrain-chignin.html (+15ms)
12:05:21 ▶ src/pages/vendre-terrain-cognin.astro
12:05:21   └─ /vendre-terrain-cognin.html (+15ms)
12:05:21 ▶ src/pages/vendre-terrain-drumettaz-clarafond.astro
12:05:21   └─ /vendre-terrain-drumettaz-clarafond.html (+30ms)
12:05:21 ▶ src/pages/vendre-terrain-gresy-sur-aix.astro
12:05:21   └─ /vendre-terrain-gresy-sur-aix.html (+15ms)
12:05:21 ▶ src/pages/vendre-terrain-jacob-bellecombette.astro
12:05:21   └─ /vendre-terrain-jacob-bellecombette.html (+16ms)
12:05:21 ▶ src/pages/vendre-terrain-la-motte-servolex.astro
12:05:21   └─ /vendre-terrain-la-motte-servolex.html (+15ms)
12:05:21 ▶ src/pages/vendre-terrain-la-ravoire.astro
12:05:21   └─ /vendre-terrain-la-ravoire.html (+13ms)
12:05:21 ▶ src/pages/vendre-terrain-la-rochette.astro
12:05:21   └─ /vendre-terrain-la-rochette.html (+12ms)
12:05:21 ▶ src/pages/vendre-terrain-le-bourget-du-lac.astro
12:05:21   └─ /vendre-terrain-le-bourget-du-lac.html (+11ms)
12:05:21 ▶ src/pages/vendre-terrain-mery.astro
12:05:21   └─ /vendre-terrain-mery.html (+12ms)
12:05:21 ▶ src/pages/vendre-terrain-montmelian.astro
12:05:21   └─ /vendre-terrain-montmelian.html (+11ms)
12:05:21 ▶ src/pages/vendre-terrain-myans.astro
12:05:21   └─ /vendre-terrain-myans.html (+12ms)
12:05:21 ▶ src/pages/vendre-terrain-puygros.astro
12:05:21   └─ /vendre-terrain-puygros.html (+12ms)
12:05:21 ▶ src/pages/vendre-terrain-saint-alban-leysse.astro
12:05:21   └─ /vendre-terrain-saint-alban-leysse.html (+12ms)
12:05:21 ▶ src/pages/vendre-terrain-saint-jeoire-prieure.astro
12:05:21   └─ /vendre-terrain-saint-jeoire-prieure.html (+12ms)
12:05:21 ▶ src/pages/vendre-terrain-saint-pierre-d-albigny.astro
12:05:21   └─ /vendre-terrain-saint-pierre-d-albigny.html (+12ms)
12:05:21 ▶ src/pages/vendre-terrain-sonnaz.astro
12:05:21   └─ /vendre-terrain-sonnaz.html (+12ms)
12:05:21 ▶ src/pages/vendre-terrain-tresserve.astro
12:05:21   └─ /vendre-terrain-tresserve.html (+11ms)
12:05:21 ▶ src/pages/vendre-terrain-viviers-du-lac.astro
12:05:21   └─ /vendre-terrain-viviers-du-lac.html (+11ms)
12:05:21 ▶ src/pages/vendre-terrain-voglans.astro
12:05:21   └─ /vendre-terrain-voglans.html (+12ms)
12:05:21 ▶ src/pages/vente.astro
12:05:21   └─ /vente.html (+8ms)
12:05:21 ▶ src/pages/zone-intervention.astro
12:05:21   └─ /zone-intervention.html (+10ms)
12:05:21 ▶ src/pages/index.astro
12:05:21   └─ /index.html (+17ms)
12:05:21 ✓ Completed in 8.71s.

12:05:21 [build] Rearranging server assets...
12:05:21 [@astrojs/sitemap] `sitemap-index.xml` created at `dist`
12:05:21 [@astrojs/netlify] Emitted _redirects
12:05:21 [@astrojs/netlify] Bundling function ../../../build/entry.mjs
12:05:24 [build] Waiting for integration "@astrojs/netlify", hook "astro:build:done"...
12:05:25 [@astrojs/netlify] Generated SSR Function
12:05:25 [build] Server built in 44.19s
12:05:25 [build] Complete!
EXIT:0
